---
source: src/layout_fun.rs
expression: "LayoutFun::from_layout_expr(&*layout_expr!(apposition(choice(apposition(\"Foobarbaz =\",\n                                                                        \" \"),\n                                                             stack(\"Foobarbaz =\",\n                                                                   \"    \"),),\n                                                      choice(apposition(\"#record{\",\n                                                                        \"field = 1\",\n                                                                        \"}\"),\n                                                             stack(\"#record{\",\n                                                                   apposition(\"   \",\n                                                                              \"field = 1\"),\n                                                                   apposition(\"  \",\n                                                                              \"}\"),),),)),\n                            config).to_vec()"
---
[
    (
        0,
        Layout {
            layout_expr: Apposition(
                Text(
                    "Foobarbaz =",
                    11,
                ),
                Apposition(
                    Text(
                        " ",
                        1,
                    ),
                    Apposition(
                        Text(
                            "#record{",
                            8,
                        ),
                        Apposition(
                            Text(
                                "field = 1",
                                9,
                            ),
                            Text(
                                "}",
                                1,
                            ),
                        ),
                    ),
                ),
            ),
            span: 30,
            height: 1,
            cost: 0,
            cost_gradient: 0,
        },
    ),
    (
        2,
        Layout {
            layout_expr: Apposition(
                Text(
                    "Foobarbaz =",
                    11,
                ),
                Apposition(
                    Text(
                        " ",
                        1,
                    ),
                    Apposition(
                        Text(
                            "#record{",
                            8,
                        ),
                        Apposition(
                            Text(
                                "field = 1",
                                9,
                            ),
                            Text(
                                "}",
                                1,
                            ),
                        ),
                    ),
                ),
            ),
            span: 30,
            height: 1,
            cost: 0,
            cost_gradient: 100,
        },
    ),
    (
        3,
        Layout {
            layout_expr: Stack(
                Text(
                    "Foobarbaz =",
                    11,
                ),
                Apposition(
                    Text(
                        "    ",
                        4,
                    ),
                    Apposition(
                        Text(
                            "#record{",
                            8,
                        ),
                        Apposition(
                            Text(
                                "field = 1",
                                9,
                            ),
                            Text(
                                "}",
                                1,
                            ),
                        ),
                    ),
                ),
            ),
            span: 22,
            height: 2,
            cost: 1,
            cost_gradient: 0,
        },
    ),
    (
        10,
        Layout {
            layout_expr: Stack(
                Text(
                    "Foobarbaz =",
                    11,
                ),
                Apposition(
                    Text(
                        "    ",
                        4,
                    ),
                    Apposition(
                        Text(
                            "#record{",
                            8,
                        ),
                        Apposition(
                            Text(
                                "field = 1",
                                9,
                            ),
                            Text(
                                "}",
                                1,
                            ),
                        ),
                    ),
                ),
            ),
            span: 22,
            height: 2,
            cost: 1,
            cost_gradient: 100,
        },
    ),
    (
        11,
        Layout {
            layout_expr: Stack(
                Text(
                    "Foobarbaz =",
                    11,
                ),
                Apposition(
                    Text(
                        "    ",
                        4,
                    ),
                    Stack(
                        Text(
                            "#record{",
                            8,
                        ),
                        Stack(
                            Apposition(
                                Text(
                                    "   ",
                                    3,
                                ),
                                Text(
                                    "field = 1",
                                    9,
                                ),
                            ),
                            Apposition(
                                Text(
                                    "  ",
                                    2,
                                ),
                                Text(
                                    "}",
                                    1,
                                ),
                            ),
                        ),
                    ),
                ),
            ),
            span: 7,
            height: 4,
            cost: 3,
            cost_gradient: 0,
        },
    ),
    (
        16,
        Layout {
            layout_expr: Stack(
                Text(
                    "Foobarbaz =",
                    11,
                ),
                Apposition(
                    Text(
                        "    ",
                        4,
                    ),
                    Stack(
                        Text(
                            "#record{",
                            8,
                        ),
                        Stack(
                            Apposition(
                                Text(
                                    "   ",
                                    3,
                                ),
                                Text(
                                    "field = 1",
                                    9,
                                ),
                            ),
                            Apposition(
                                Text(
                                    "  ",
                                    2,
                                ),
                                Text(
                                    "}",
                                    1,
                                ),
                            ),
                        ),
                    ),
                ),
            ),
            span: 7,
            height: 4,
            cost: 3,
            cost_gradient: 100,
        },
    ),
    (
        20,
        Layout {
            layout_expr: Stack(
                Text(
                    "Foobarbaz =",
                    11,
                ),
                Apposition(
                    Text(
                        "    ",
                        4,
                    ),
                    Stack(
                        Text(
                            "#record{",
                            8,
                        ),
                        Stack(
                            Apposition(
                                Text(
                                    "   ",
                                    3,
                                ),
                                Text(
                                    "field = 1",
                                    9,
                                ),
                            ),
                            Apposition(
                                Text(
                                    "  ",
                                    2,
                                ),
                                Text(
                                    "}",
                                    1,
                                ),
                            ),
                        ),
                    ),
                ),
            ),
            span: 7,
            height: 4,
            cost: 403,
            cost_gradient: 200,
        },
    ),
    (
        21,
        Layout {
            layout_expr: Stack(
                Text(
                    "Foobarbaz =",
                    11,
                ),
                Apposition(
                    Text(
                        "    ",
                        4,
                    ),
                    Stack(
                        Text(
                            "#record{",
                            8,
                        ),
                        Stack(
                            Apposition(
                                Text(
                                    "   ",
                                    3,
                                ),
                                Text(
                                    "field = 1",
                                    9,
                                ),
                            ),
                            Apposition(
                                Text(
                                    "  ",
                                    2,
                                ),
                                Text(
                                    "}",
                                    1,
                                ),
                            ),
                        ),
                    ),
                ),
            ),
            span: 7,
            height: 4,
            cost: 603,
            cost_gradient: 300,
        },
    ),
    (
        25,
        Layout {
            layout_expr: Stack(
                Text(
                    "Foobarbaz =",
                    11,
                ),
                Apposition(
                    Text(
                        "    ",
                        4,
                    ),
                    Stack(
                        Text(
                            "#record{",
                            8,
                        ),
                        Stack(
                            Apposition(
                                Text(
                                    "   ",
                                    3,
                                ),
                                Text(
                                    "field = 1",
                                    9,
                                ),
                            ),
                            Apposition(
                                Text(
                                    "  ",
                                    2,
                                ),
                                Text(
                                    "}",
                                    1,
                                ),
                            ),
                        ),
                    ),
                ),
            ),
            span: 7,
            height: 4,
            cost: 1803,
            cost_gradient: 400,
        },
    ),
    (
        26,
        Layout {
            layout_expr: Stack(
                Text(
                    "Foobarbaz =",
                    11,
                ),
                Apposition(
                    Text(
                        "    ",
                        4,
                    ),
                    Apposition(
                        Text(
                            "#record{",
                            8,
                        ),
                        Apposition(
                            Text(
                                "field = 1",
                                9,
                            ),
                            Text(
                                "}",
                                1,
                            ),
                        ),
                    ),
                ),
            ),
            span: 22,
            height: 2,
            cost: 2101,
            cost_gradient: 200,
        },
    ),
]
